Text and notes passed: prologue
Text and notes passed: chapter-01
Text and notes passed: chapter-02
Text and notes passed: chapter-03
Text and notes passed: chapter-04
Text and notes passed: chapter-05
Text and notes passed: chapter-06
Text and notes passed: chapter-07
Text and notes passed: chapter-08
Text and notes passed: chapter-09
Text and notes passed: chapter-10
Text and notes passed: chapter-11
Text and notes passed: chapter-12
Text and notes passed: chapter-13
Text and notes passed: chapter-14
Text and notes passed: chapter-15
Text and notes passed: chapter-16
Text and notes passed: chapter-17
Text and notes passed: chapter-18
Text and notes passed: epilogue
Text and notes passed: appendix-d
Layout passed: 1440px, 21 sections, read and contents
Layout passed: 390px, 21 sections, read and contents
Literary QA passed: 21 full texts, 24 downloads, 63 note round-trips, 46 layouts.
